******************************************************************************
             TMS320C2000 Linker PC v18.1.8                     
******************************************************************************
>> Linked Fri May 26 12:02:47 2023

OUTPUT FILE NAME:   <Test.out>
ENTRY POINT SYMBOL: "_c_int00"  address: 003f82a5


MEMORY CONFIGURATION

         name            origin    length      used     unused   attr    fill
----------------------  --------  ---------  --------  --------  ----  --------
PAGE 0:
  RAMM0                 00000000   00000400  00000006  000003fa  RWIX
  BEGIN                 003f8000   00000002  00000002  00000000  RWIX
  PRAMH0                003f8002   00000ffe  00000459  00000ba5  RWIX
  RESET                 003fffc0   00000002  00000000  00000002  RWIX

PAGE 1:
  RAMM1                 00000400   00000400  00000400  00000000  RWIX
  DEV_EMU               00000880   00000180  000000d0  000000b0  RWIX
  FLASH_REGS            00000a80   00000060  00000008  00000058  RWIX
  CSM                   00000ae0   00000010  00000010  00000000  RWIX
  XINTF                 00000b20   00000020  00000020  00000000  RWIX
  CPU_TIMER0            00000c00   00000008  00000008  00000000  RWIX
  CPU_TIMER1            00000c08   00000008  00000008  00000000  RWIX
  CPU_TIMER2            00000c10   00000008  00000008  00000000  RWIX
  PIE_CTRL              00000ce0   00000020  0000001a  00000006  RWIX
  PIE_VECT              00000d00   00000100  00000100  00000000  RWIX
  ECANA                 00006000   00000040  00000034  0000000c  RWIX
  ECANA_LAM             00006040   00000040  00000040  00000000  RWIX
  ECANA_MOTS            00006080   00000040  00000040  00000000  RWIX
  ECANA_MOTO            000060c0   00000040  00000040  00000000  RWIX
  ECANA_MBOX            00006100   00000100  00000100  00000000  RWIX
  SYSTEM                00007010   00000020  00000020  00000000  RWIX
  SPIA                  00007040   00000010  00000010  00000000  RWIX
  SCIA                  00007050   00000010  00000010  00000000  RWIX
  XINTRUPT              00007070   00000010  00000010  00000000  RWIX
  GPIOMUX               000070c0   00000020  00000020  00000000  RWIX
  GPIODAT               000070e0   00000020  00000020  00000000  RWIX
  ADC                   00007100   00000020  0000001a  00000006  RWIX
  EVA                   00007400   00000040  00000032  0000000e  RWIX
  EVB                   00007500   00000040  00000032  0000000e  RWIX
  SCIB                  00007750   00000010  00000010  00000000  RWIX
  MCBSPA                00007800   00000040  00000025  0000001b  RWIX
  CSM_PWL               003f7ff8   00000008  00000008  00000000  RWIX
  DRAMH0                003f9000   00001000  00000124  00000edc  RWIX


SECTION ALLOCATION MAP

 output                                  attributes/
section   page    origin      length       input sections
--------  ----  ----------  ----------   ----------------
codestart 
*          0    003f8000    00000002     
                  003f8000    00000002     DSP281x_CodeStartBranch.obj (codestart)

ramfuncs   0    00000000    00000004     
                  00000000    00000004     DSP281x_usDelay.obj (ramfuncs)

.text      0    003f8002    0000043b     
                  003f8002    0000014f     DSP281x_DefaultIsr.obj (.text:retain)
                  003f8151    00000086     DSP281x_SysCtrl.obj (.text)
                  003f81d7    00000074     main.obj (.text)
                  003f824b    0000005a     rts2800_ml.lib : fs_mpy28.asm.obj (.text)
                  003f82a5    00000054                    : boot28.asm.obj (.text)
                  003f82f9    00000029                    : exit.c.obj (.text)
                  003f8322    00000029                    : fs_tol28.asm.obj (.text)
                  003f834b    00000028     DSP281x_PieCtrl.obj (.text)
                  003f8373    00000024     rts2800_ml.lib : cpy_tbl.c.obj (.text)
                  003f8397    00000020     DSP281x_PieVect.obj (.text)
                  003f83b7    0000001d     rts2800_ml.lib : memcpy.c.obj (.text)
                  003f83d4    0000001a                    : l_tofs28.asm.obj (.text)
                  003f83ee    00000019                    : args_main.c.obj (.text)
                  003f8407    00000017                    : fs_cmp28.asm.obj (.text)
                  003f841e    00000009                    : _lock.c.obj (.text)
                  003f8427    00000008     DSP281x_CodeStartBranch.obj (.text)
                  003f842f    00000008     DSP281x_XintfBootReset.obj (.text)
                  003f8437    00000003     DSP281x_DBGIER.obj (.text)
                  003f843a    00000002     rts2800_ml.lib : pre_init.c.obj (.text)
                  003f843c    00000001                    : startup.c.obj (.text)

.cinit     0    003f843d    0000001e     
                  003f843d    0000000e     rts2800_ml.lib : exit.c.obj (.cinit)
                  003f844b    00000005                    : _lock.c.obj (.cinit:__lock)
                  003f8450    00000005                    : _lock.c.obj (.cinit:__unlock)
                  003f8455    00000004     main.obj (.cinit)
                  003f8459    00000002     --HOLE-- [fill = 0]

.pinit     0    003f8002    00000000     UNINITIALIZED

.reset     0    003fffc0    00000002     DSECT
                  003fffc0    00000002     rts2800_ml.lib : boot28.asm.obj (.reset)

.stack     1    00000400    00000400     UNINITIALIZED
                  00000400    00000400     --HOLE--

DevEmuRegsFile 
*          1    00000880    000000d0     UNINITIALIZED
                  00000880    000000d0     DSP281x_GlobalVariableDefs.obj (DevEmuRegsFile)

FlashRegsFile 
*          1    00000a80    00000008     UNINITIALIZED
                  00000a80    00000008     DSP281x_GlobalVariableDefs.obj (FlashRegsFile)

CsmRegsFile 
*          1    00000ae0    00000010     UNINITIALIZED
                  00000ae0    00000010     DSP281x_GlobalVariableDefs.obj (CsmRegsFile)

XintfRegsFile 
*          1    00000b20    00000020     UNINITIALIZED
                  00000b20    00000020     DSP281x_GlobalVariableDefs.obj (XintfRegsFile)

CpuTimer0RegsFile 
*          1    00000c00    00000008     UNINITIALIZED
                  00000c00    00000008     DSP281x_GlobalVariableDefs.obj (CpuTimer0RegsFile)

CpuTimer1RegsFile 
*          1    00000c08    00000008     UNINITIALIZED
                  00000c08    00000008     DSP281x_GlobalVariableDefs.obj (CpuTimer1RegsFile)

CpuTimer2RegsFile 
*          1    00000c10    00000008     UNINITIALIZED
                  00000c10    00000008     DSP281x_GlobalVariableDefs.obj (CpuTimer2RegsFile)

PieCtrlRegsFile 
*          1    00000ce0    0000001a     UNINITIALIZED
                  00000ce0    0000001a     DSP281x_GlobalVariableDefs.obj (PieCtrlRegsFile)

ECanaMOTSRegsFile 
*          1    00006080    00000040     UNINITIALIZED
                  00006080    00000040     DSP281x_GlobalVariableDefs.obj (ECanaMOTSRegsFile)

ECanaMOTORegsFile 
*          1    000060c0    00000040     UNINITIALIZED
                  000060c0    00000040     DSP281x_GlobalVariableDefs.obj (ECanaMOTORegsFile)

.econst    1    003f9000    00000100     
                  003f9000    00000100     DSP281x_PieVect.obj (.econst:_PieVectTableInit)

.ebss      1    003f9100    00000024     UNINITIALIZED
                  003f9100    00000018     DSP281x_CpuTimers.obj (.ebss)
                  003f9118    00000006     rts2800_ml.lib : exit.c.obj (.ebss)
                  003f911e    00000002                    : _lock.c.obj (.ebss:__lock)
                  003f9120    00000002                    : _lock.c.obj (.ebss:__unlock)
                  003f9122    00000002     main.obj (.ebss)

PieVectTableFile 
*          1    00000d00    00000100     UNINITIALIZED
                  00000d00    00000100     DSP281x_GlobalVariableDefs.obj (PieVectTableFile)

ECanaRegsFile 
*          1    00006000    00000034     UNINITIALIZED
                  00006000    00000034     DSP281x_GlobalVariableDefs.obj (ECanaRegsFile)

ECanaLAMRegsFile 
*          1    00006040    00000040     UNINITIALIZED
                  00006040    00000040     DSP281x_GlobalVariableDefs.obj (ECanaLAMRegsFile)

ECanaMboxesFile 
*          1    00006100    00000100     UNINITIALIZED
                  00006100    00000100     DSP281x_GlobalVariableDefs.obj (ECanaMboxesFile)

SysCtrlRegsFile 
*          1    00007010    00000020     UNINITIALIZED
                  00007010    00000020     DSP281x_GlobalVariableDefs.obj (SysCtrlRegsFile)

SpiaRegsFile 
*          1    00007040    00000010     UNINITIALIZED
                  00007040    00000010     DSP281x_GlobalVariableDefs.obj (SpiaRegsFile)

SciaRegsFile 
*          1    00007050    00000010     UNINITIALIZED
                  00007050    00000010     DSP281x_GlobalVariableDefs.obj (SciaRegsFile)

XIntruptRegsFile 
*          1    00007070    00000010     UNINITIALIZED
                  00007070    00000010     DSP281x_GlobalVariableDefs.obj (XIntruptRegsFile)

GpioMuxRegsFile 
*          1    000070c0    00000020     UNINITIALIZED
                  000070c0    00000020     DSP281x_GlobalVariableDefs.obj (GpioMuxRegsFile)

GpioDataRegsFile 
*          1    000070e0    00000020     UNINITIALIZED
                  000070e0    00000020     DSP281x_GlobalVariableDefs.obj (GpioDataRegsFile)

AdcRegsFile 
*          1    00007100    0000001a     UNINITIALIZED
                  00007100    0000001a     DSP281x_GlobalVariableDefs.obj (AdcRegsFile)

EvaRegsFile 
*          1    00007400    00000032     UNINITIALIZED
                  00007400    00000032     DSP281x_GlobalVariableDefs.obj (EvaRegsFile)

EvbRegsFile 
*          1    00007500    00000032     UNINITIALIZED
                  00007500    00000032     DSP281x_GlobalVariableDefs.obj (EvbRegsFile)

ScibRegsFile 
*          1    00007750    00000010     UNINITIALIZED
                  00007750    00000010     DSP281x_GlobalVariableDefs.obj (ScibRegsFile)

McbspaRegsFile 
*          1    00007800    00000025     UNINITIALIZED
                  00007800    00000025     DSP281x_GlobalVariableDefs.obj (McbspaRegsFile)

CsmPwlFile 
*          1    003f7ff8    00000008     UNINITIALIZED
                  003f7ff8    00000008     DSP281x_GlobalVariableDefs.obj (CsmPwlFile)

reset_vec 
*          0    00000004    00000002     
                  00000004    00000002     DSP281x_XintfBootReset.obj (reset_vec)

MODULE SUMMARY

       Module                           code   initialized data   uninitialized data
       ------                           ----   ----------------   ------------------
    .\
       main.obj                         116    4                  2                 
    +--+--------------------------------+------+------------------+--------------------+
       Total:                           116    4                  2                 
                                                                                    
    .\sources\
       DSP281x_GlobalVariableDefs.obj   0      0                  1401              
       DSP281x_DefaultIsr.obj           335    0                  0                 
       DSP281x_PieVect.obj              32     256                0                 
       DSP281x_SysCtrl.obj              134    0                  0                 
       DSP281x_PieCtrl.obj              40     0                  0                 
       DSP281x_CpuTimers.obj            0      0                  24                
       DSP281x_CodeStartBranch.obj      10     0                  0                 
       DSP281x_XintfBootReset.obj       8      2                  0                 
       DSP281x_usDelay.obj              4      0                  0                 
       DSP281x_DBGIER.obj               3      0                  0                 
    +--+--------------------------------+------+------------------+--------------------+
       Total:                           566    258                1425              
                                                                                    
    C:\ti\ccsv8\tools\compiler\ti-cgt-c2000_18.1.8.LTS\lib\rts2800_ml.lib
       fs_mpy28.asm.obj                 90     0                  0                 
       boot28.asm.obj                   84     0                  0                 
       exit.c.obj                       41     14                 6                 
       fs_tol28.asm.obj                 41     0                  0                 
       cpy_tbl.c.obj                    36     0                  0                 
       memcpy.c.obj                     29     0                  0                 
       l_tofs28.asm.obj                 26     0                  0                 
       args_main.c.obj                  25     0                  0                 
       _lock.c.obj                      9      10                 4                 
       fs_cmp28.asm.obj                 23     0                  0                 
       pre_init.c.obj                   2      0                  0                 
       startup.c.obj                    1      0                  0                 
    +--+--------------------------------+------+------------------+--------------------+
       Total:                           407    24                 10                
                                                                                    
       Stack:                           0      0                  1024              
    +--+--------------------------------+------+------------------+--------------------+
       Grand Total:                     1089   286                2461              


GLOBAL DATA SYMBOLS: SORTED BY DATA PAGE

address     data page           name
--------    ----------------    ----
00000400      10 (00000400)     __stack

00000880      22 (00000880)     _DevEmuRegs

00000a80      2a (00000a80)     _FlashRegs

00000ae0      2b (00000ac0)     _CsmRegs

00000b20      2c (00000b00)     _XintfRegs

00000c00      30 (00000c00)     _CpuTimer0Regs
00000c08      30 (00000c00)     _CpuTimer1Regs
00000c10      30 (00000c00)     _CpuTimer2Regs

00000ce0      33 (00000cc0)     _PieCtrlRegs

00000d00      34 (00000d00)     _PieVectTable

00006000     180 (00006000)     _ECanaRegs

00006040     181 (00006040)     _ECanaLAMRegs

00006080     182 (00006080)     _ECanaMOTSRegs

000060c0     183 (000060c0)     _ECanaMOTORegs

00006100     184 (00006100)     _ECanaMboxes

00007010     1c0 (00007000)     _SysCtrlRegs

00007040     1c1 (00007040)     _SpiaRegs
00007050     1c1 (00007040)     _SciaRegs
00007070     1c1 (00007040)     _XIntruptRegs

000070c0     1c3 (000070c0)     _GpioMuxRegs
000070e0     1c3 (000070c0)     _GpioDataRegs

00007100     1c4 (00007100)     _AdcRegs

00007400     1d0 (00007400)     _EvaRegs

00007500     1d4 (00007500)     _EvbRegs

00007750     1dd (00007740)     _ScibRegs

00007800     1e0 (00007800)     _McbspaRegs

003f7ff8    fdff (003f7fc0)     _CsmPwl

003f9000    fe40 (003f9000)     _PieVectTableInit

003f9100    fe44 (003f9100)     _CpuTimer1
003f9108    fe44 (003f9100)     _CpuTimer2
003f9110    fe44 (003f9100)     _CpuTimer0
003f9118    fe44 (003f9100)     ___TI_enable_exit_profile_output
003f911a    fe44 (003f9100)     ___TI_cleanup_ptr
003f911c    fe44 (003f9100)     ___TI_dtors_ptr
003f911e    fe44 (003f9100)     __lock
003f9120    fe44 (003f9100)     __unlock
003f9122    fe44 (003f9100)     _cnt_loop
003f9123    fe44 (003f9100)     _milliseconds


GLOBAL SYMBOLS: SORTED ALPHABETICALLY BY Name 

page  address   name                            
----  -------   ----                            
0     003f8002  .text                           
0     003f82f9  C$$EXIT                         
0     003f8407  FS$$CMP                         
0     003f824b  FS$$MPY                         
0     003f8322  FS$$TOL                         
0     003f83d4  L$$TOFS                         
0     003f8075  _ADCINT_ISR                     
1     00007100  _AdcRegs                        
0     003f80bb  _CAPINT1_ISR                    
0     003f80c0  _CAPINT2_ISR                    
0     003f80c5  _CAPINT3_ISR                    
0     003f8101  _CAPINT4_ISR                    
0     003f8106  _CAPINT5_ISR                    
0     003f810b  _CAPINT6_ISR                    
0     003f8084  _CMP1INT_ISR                    
0     003f8089  _CMP2INT_ISR                    
0     003f808e  _CMP3INT_ISR                    
0     003f80ca  _CMP4INT_ISR                    
0     003f80cf  _CMP5INT_ISR                    
0     003f80d4  _CMP6INT_ISR                    
1     003f9110  _CpuTimer0                      
1     00000c00  _CpuTimer0Regs                  
1     003f9100  _CpuTimer1                      
1     00000c08  _CpuTimer1Regs                  
1     003f9108  _CpuTimer2                      
1     00000c10  _CpuTimer2Regs                  
1     003f7ff8  _CsmPwl                         
1     00000ae0  _CsmRegs                        
0     003f81a6  _CsmUnlock                      
0     003f800c  _DATALOG_ISR                    
0     00000000  _DSP28x_usDelay                 
1     00000880  _DevEmuRegs                     
0     003f8163  _DisableDog                     
0     003f8138  _ECAN0INTA_ISR                  
0     003f813d  _ECAN1INTA_ISR                  
1     00006040  _ECanaLAMRegs                   
1     000060c0  _ECanaMOTORegs                  
1     00006080  _ECanaMOTSRegs                  
1     00006100  _ECanaMboxes                    
1     00006000  _ECanaRegs                      
0     003f8142  _EMPTY_ISR                      
0     003f8016  _EMUINT_ISR                     
0     003f836a  _EnableInterrupts               
1     00007400  _EvaRegs                        
1     00007500  _EvbRegs                        
1     00000a80  _FlashRegs                      
1     000070e0  _GpioDataRegs                   
1     000070c0  _GpioMuxRegs                    
0     003f8020  _ILLEGAL_ISR                    
0     003f8002  _INT13_ISR                      
0     003f8007  _INT14_ISR                      
0     003f818c  _InitPeripheralClocks           
0     003f834b  _InitPieCtrl                    
0     003f8397  _InitPieVectTable               
0     003f816b  _InitPll                        
0     003f8151  _InitSysCtrl                    
0     003f8159  _KickDog                        
0     003f811a  _MRINTA_ISR                     
0     003f811f  _MXINTA_ISR                     
1     00007800  _McbspaRegs                     
0     003f801b  _NMI_ISR                        
0     003f8061  _PDPINTA_ISR                    
0     003f8066  _PDPINTB_ISR                    
0     003f8147  _PIE_RESERVED                   
1     00000ce0  _PieCtrlRegs                    
1     00000d00  _PieVectTable                   
1     003f9000  _PieVectTableInit               
0     003f8011  _RTOSINT_ISR                    
0     003f8124  _SCIRXINTA_ISR                  
0     003f812e  _SCIRXINTB_ISR                  
0     003f8129  _SCITXINTA_ISR                  
0     003f8133  _SCITXINTB_ISR                  
0     003f8110  _SPIRXINTA_ISR                  
0     003f8115  _SPITXINTA_ISR                  
1     00007050  _SciaRegs                       
1     00007750  _ScibRegs                       
0     003f8437  _SetDBGIER                      
1     00007040  _SpiaRegs                       
1     00007010  _SysCtrlRegs                    
0     003f8098  _T1CINT_ISR                     
0     003f80a2  _T1OFINT_ISR                    
0     003f8093  _T1PINT_ISR                     
0     003f809d  _T1UFINT_ISR                    
0     003f80ac  _T2CINT_ISR                     
0     003f80b6  _T2OFINT_ISR                    
0     003f80a7  _T2PINT_ISR                     
0     003f80b1  _T2UFINT_ISR                    
0     003f80de  _T3CINT_ISR                     
0     003f80e8  _T3OFINT_ISR                    
0     003f80d9  _T3PINT_ISR                     
0     003f80e3  _T3UFINT_ISR                    
0     003f80f2  _T4CINT_ISR                     
0     003f80fc  _T4OFINT_ISR                    
0     003f80ed  _T4PINT_ISR                     
0     003f80f7  _T4UFINT_ISR                    
0     003f807a  _TINT0_ISR                      
0     003f8052  _USER10_ISR                     
0     003f8057  _USER11_ISR                     
0     003f805c  _USER12_ISR                     
0     003f8025  _USER1_ISR                      
0     003f802a  _USER2_ISR                      
0     003f802f  _USER3_ISR                      
0     003f8034  _USER4_ISR                      
0     003f8039  _USER5_ISR                      
0     003f803e  _USER6_ISR                      
0     003f8043  _USER7_ISR                      
0     003f8048  _USER8_ISR                      
0     003f804d  _USER9_ISR                      
0     003f807f  _WAKEINT_ISR                    
0     003f806b  _XINT1_ISR                      
0     003f8070  _XINT2_ISR                      
1     00007070  _XIntruptRegs                   
1     00000b20  _XintfRegs                      
1     00000800  __STACK_END                     
abs   00000400  __STACK_SIZE                    
1     003f911a  ___TI_cleanup_ptr               
1     003f911c  ___TI_dtors_ptr                 
1     003f9118  ___TI_enable_exit_profile_output
abs   ffffffff  ___TI_pprof_out_hndl            
abs   ffffffff  ___TI_prof_data_size            
abs   ffffffff  ___TI_prof_data_start           
abs   ffffffff  ___binit__                      
abs   ffffffff  ___c_args__                     
0     003f843d  ___cinit__                      
0     003f843d  ___etext__                      
abs   ffffffff  ___pinit__                      
0     003f8002  ___text__                       
0     003f83ee  __args_main                     
1     003f911e  __lock                          
0     003f8426  __nop                           
0     003f8422  __register_lock                 
0     003f841e  __register_unlock               
1     00000400  __stack                         
0     003f843c  __system_post_cinit             
0     003f843a  __system_pre_init               
1     003f9120  __unlock                        
0     003f82f9  _abort                          
0     003f82a5  _c_int00                        
1     003f9122  _cnt_loop                       
0     003f8373  _copy_in                        
0     003f81d7  _delay                          
0     003f82fb  _exit                           
0     003f81e9  _main                           
0     003f83b7  _memcpy                         
1     003f9123  _milliseconds                   
0     003f814c  _rsvd_ISR                       
abs   ffffffff  binit                           
0     003f843d  cinit                           
0     003f843d  etext                           
abs   ffffffff  pinit                           


GLOBAL SYMBOLS: SORTED BY Symbol Address 

page  address   name                            
----  -------   ----                            
0     00000000  _DSP28x_usDelay                 
0     003f8002  .text                           
0     003f8002  _INT13_ISR                      
0     003f8002  ___text__                       
0     003f8007  _INT14_ISR                      
0     003f800c  _DATALOG_ISR                    
0     003f8011  _RTOSINT_ISR                    
0     003f8016  _EMUINT_ISR                     
0     003f801b  _NMI_ISR                        
0     003f8020  _ILLEGAL_ISR                    
0     003f8025  _USER1_ISR                      
0     003f802a  _USER2_ISR                      
0     003f802f  _USER3_ISR                      
0     003f8034  _USER4_ISR                      
0     003f8039  _USER5_ISR                      
0     003f803e  _USER6_ISR                      
0     003f8043  _USER7_ISR                      
0     003f8048  _USER8_ISR                      
0     003f804d  _USER9_ISR                      
0     003f8052  _USER10_ISR                     
0     003f8057  _USER11_ISR                     
0     003f805c  _USER12_ISR                     
0     003f8061  _PDPINTA_ISR                    
0     003f8066  _PDPINTB_ISR                    
0     003f806b  _XINT1_ISR                      
0     003f8070  _XINT2_ISR                      
0     003f8075  _ADCINT_ISR                     
0     003f807a  _TINT0_ISR                      
0     003f807f  _WAKEINT_ISR                    
0     003f8084  _CMP1INT_ISR                    
0     003f8089  _CMP2INT_ISR                    
0     003f808e  _CMP3INT_ISR                    
0     003f8093  _T1PINT_ISR                     
0     003f8098  _T1CINT_ISR                     
0     003f809d  _T1UFINT_ISR                    
0     003f80a2  _T1OFINT_ISR                    
0     003f80a7  _T2PINT_ISR                     
0     003f80ac  _T2CINT_ISR                     
0     003f80b1  _T2UFINT_ISR                    
0     003f80b6  _T2OFINT_ISR                    
0     003f80bb  _CAPINT1_ISR                    
0     003f80c0  _CAPINT2_ISR                    
0     003f80c5  _CAPINT3_ISR                    
0     003f80ca  _CMP4INT_ISR                    
0     003f80cf  _CMP5INT_ISR                    
0     003f80d4  _CMP6INT_ISR                    
0     003f80d9  _T3PINT_ISR                     
0     003f80de  _T3CINT_ISR                     
0     003f80e3  _T3UFINT_ISR                    
0     003f80e8  _T3OFINT_ISR                    
0     003f80ed  _T4PINT_ISR                     
0     003f80f2  _T4CINT_ISR                     
0     003f80f7  _T4UFINT_ISR                    
0     003f80fc  _T4OFINT_ISR                    
0     003f8101  _CAPINT4_ISR                    
0     003f8106  _CAPINT5_ISR                    
0     003f810b  _CAPINT6_ISR                    
0     003f8110  _SPIRXINTA_ISR                  
0     003f8115  _SPITXINTA_ISR                  
0     003f811a  _MRINTA_ISR                     
0     003f811f  _MXINTA_ISR                     
0     003f8124  _SCIRXINTA_ISR                  
0     003f8129  _SCITXINTA_ISR                  
0     003f812e  _SCIRXINTB_ISR                  
0     003f8133  _SCITXINTB_ISR                  
0     003f8138  _ECAN0INTA_ISR                  
0     003f813d  _ECAN1INTA_ISR                  
0     003f8142  _EMPTY_ISR                      
0     003f8147  _PIE_RESERVED                   
0     003f814c  _rsvd_ISR                       
0     003f8151  _InitSysCtrl                    
0     003f8159  _KickDog                        
0     003f8163  _DisableDog                     
0     003f816b  _InitPll                        
0     003f818c  _InitPeripheralClocks           
0     003f81a6  _CsmUnlock                      
0     003f81d7  _delay                          
0     003f81e9  _main                           
0     003f824b  FS$$MPY                         
0     003f82a5  _c_int00                        
0     003f82f9  C$$EXIT                         
0     003f82f9  _abort                          
0     003f82fb  _exit                           
0     003f8322  FS$$TOL                         
0     003f834b  _InitPieCtrl                    
0     003f836a  _EnableInterrupts               
0     003f8373  _copy_in                        
0     003f8397  _InitPieVectTable               
0     003f83b7  _memcpy                         
0     003f83d4  L$$TOFS                         
0     003f83ee  __args_main                     
0     003f8407  FS$$CMP                         
0     003f841e  __register_unlock               
0     003f8422  __register_lock                 
0     003f8426  __nop                           
0     003f8437  _SetDBGIER                      
0     003f843a  __system_pre_init               
0     003f843c  __system_post_cinit             
0     003f843d  ___cinit__                      
0     003f843d  ___etext__                      
0     003f843d  cinit                           
0     003f843d  etext                           
1     00000400  __stack                         
1     00000800  __STACK_END                     
1     00000880  _DevEmuRegs                     
1     00000a80  _FlashRegs                      
1     00000ae0  _CsmRegs                        
1     00000b20  _XintfRegs                      
1     00000c00  _CpuTimer0Regs                  
1     00000c08  _CpuTimer1Regs                  
1     00000c10  _CpuTimer2Regs                  
1     00000ce0  _PieCtrlRegs                    
1     00000d00  _PieVectTable                   
1     00006000  _ECanaRegs                      
1     00006040  _ECanaLAMRegs                   
1     00006080  _ECanaMOTSRegs                  
1     000060c0  _ECanaMOTORegs                  
1     00006100  _ECanaMboxes                    
1     00007010  _SysCtrlRegs                    
1     00007040  _SpiaRegs                       
1     00007050  _SciaRegs                       
1     00007070  _XIntruptRegs                   
1     000070c0  _GpioMuxRegs                    
1     000070e0  _GpioDataRegs                   
1     00007100  _AdcRegs                        
1     00007400  _EvaRegs                        
1     00007500  _EvbRegs                        
1     00007750  _ScibRegs                       
1     00007800  _McbspaRegs                     
1     003f7ff8  _CsmPwl                         
1     003f9000  _PieVectTableInit               
1     003f9100  _CpuTimer1                      
1     003f9108  _CpuTimer2                      
1     003f9110  _CpuTimer0                      
1     003f9118  ___TI_enable_exit_profile_output
1     003f911a  ___TI_cleanup_ptr               
1     003f911c  ___TI_dtors_ptr                 
1     003f911e  __lock                          
1     003f9120  __unlock                        
1     003f9122  _cnt_loop                       
1     003f9123  _milliseconds                   
abs   00000400  __STACK_SIZE                    
abs   ffffffff  ___TI_pprof_out_hndl            
abs   ffffffff  ___TI_prof_data_size            
abs   ffffffff  ___TI_prof_data_start           
abs   ffffffff  ___binit__                      
abs   ffffffff  ___c_args__                     
abs   ffffffff  ___pinit__                      
abs   ffffffff  binit                           
abs   ffffffff  pinit                           

[150 symbols]
